Archive member included to satisfy reference by file (symbol)

/home/gmf/uboot/toolchain/x-tools/arm-s3c2440-linux-gnueabi/lib/gcc/arm-s3c2440-linux-gnueabi/5.2.0/libgcc.a(_udivsi3.o)
                              arch/arm/cpu/arm920t/built-in.o (__aeabi_uidiv)
/home/gmf/uboot/toolchain/x-tools/arm-s3c2440-linux-gnueabi/lib/gcc/arm-s3c2440-linux-gnueabi/5.2.0/libgcc.a(_divsi3.o)
                              cmd/built-in.o (__aeabi_idiv)
/home/gmf/uboot/toolchain/x-tools/arm-s3c2440-linux-gnueabi/lib/gcc/arm-s3c2440-linux-gnueabi/5.2.0/libgcc.a(_lshrdi3.o)
                              drivers/mtd/built-in.o (__aeabi_llsr)
/home/gmf/uboot/toolchain/x-tools/arm-s3c2440-linux-gnueabi/lib/gcc/arm-s3c2440-linux-gnueabi/5.2.0/libgcc.a(_ashrdi3.o)
                              drivers/mtd/nand/built-in.o (__aeabi_lasr)
/home/gmf/uboot/toolchain/x-tools/arm-s3c2440-linux-gnueabi/lib/gcc/arm-s3c2440-linux-gnueabi/5.2.0/libgcc.a(_ashldi3.o)
                              drivers/mtd/nand/built-in.o (__aeabi_llsl)
/home/gmf/uboot/toolchain/x-tools/arm-s3c2440-linux-gnueabi/lib/gcc/arm-s3c2440-linux-gnueabi/5.2.0/libgcc.a(_dvmd_lnx.o)
                              /home/gmf/uboot/toolchain/x-tools/arm-s3c2440-linux-gnueabi/lib/gcc/arm-s3c2440-linux-gnueabi/5.2.0/libgcc.a(_udivsi3.o) (__aeabi_idiv0)

Discarded input sections

 .data          0x0000000000000000        0x0 arch/arm/cpu/arm920t/start.o
 .bss           0x0000000000000000        0x0 arch/arm/cpu/arm920t/start.o
 .text          0x0000000000000000        0x0 arch/arm/cpu/arm920t/built-in.o
 .text.get_UCLK
                0x0000000000000000       0x40 arch/arm/cpu/arm920t/built-in.o
 .text.udelay_masked
                0x0000000000000000       0x6c arch/arm/cpu/arm920t/built-in.o
 .data          0x0000000000000000        0x0 arch/arm/cpu/arm920t/built-in.o
 .bss           0x0000000000000000        0x0 arch/arm/cpu/arm920t/built-in.o
 .text.invalidate_dcache_range
                0x0000000000000000        0x4 arch/arm/lib/built-in.o
 .text.mmu_page_table_flush
                0x0000000000000000        0x4 arch/arm/lib/built-in.o
 .text.mmu_set_region_dcache_behaviour
                0x0000000000000000       0x4c arch/arm/lib/built-in.o
 .data          0x0000000000000000        0x0 arch/arm/lib/built-in.o
 .__secure_end  0x0000000000000000        0x0 arch/arm/lib/built-in.o
 .__efi_runtime_rel_start
                0x0000000000000000        0x0 arch/arm/lib/built-in.o
 .__secure_start
                0x0000000000000000        0x0 arch/arm/lib/built-in.o
 .__efi_runtime_stop
                0x0000000000000000        0x0 arch/arm/lib/built-in.o
 .__efi_runtime_rel_stop
                0x0000000000000000        0x0 arch/arm/lib/built-in.o
 .__efi_runtime_start
                0x0000000000000000        0x0 arch/arm/lib/built-in.o
 .bss           0x0000000000000000        0x0 arch/arm/lib/built-in.o
 .data          0x0000000000000000        0x0 board/samsung/smdk2410/built-in.o
 .bss           0x0000000000000000        0x0 board/samsung/smdk2410/built-in.o
 .text          0x0000000000000000        0x0 cmd/built-in.o
 .text.flush_dcache_all
                0x0000000000000000        0xc cmd/built-in.o
 .text.getenv_hex
                0x0000000000000000       0x3c cmd/built-in.o
 .data          0x0000000000000000        0x0 cmd/built-in.o
 .bss           0x0000000000000000        0x0 cmd/built-in.o
 .text          0x0000000000000000        0x0 common/built-in.o
 .text.hash_finish_crc32
                0x0000000000000000       0x30 common/built-in.o
 .text.hash_update_crc32
                0x0000000000000000       0x24 common/built-in.o
 .text.hash_init_crc32
                0x0000000000000000       0x24 common/built-in.o
 .text.hash_lookup_algo
                0x0000000000000000       0x28 common/built-in.o
 .text.hash_progressive_lookup_algo
                0x0000000000000000       0x3c common/built-in.o
 .text.hash_parse_string
                0x0000000000000000       0x68 common/built-in.o
 .text.hash_block
                0x0000000000000000       0x6c common/built-in.o
 .text.unset_local_var
                0x0000000000000000       0x9c common/built-in.o
 .text.bootretry_dont_retry
                0x0000000000000000       0x14 common/built-in.o
 .text.red_led_off
                0x0000000000000000        0x4 common/built-in.o
 .text.green_led_on
                0x0000000000000000        0x4 common/built-in.o
 .text.green_led_off
                0x0000000000000000        0x4 common/built-in.o
 .text.yellow_led_on
                0x0000000000000000        0x4 common/built-in.o
 .text.yellow_led_off
                0x0000000000000000        0x4 common/built-in.o
 .text.blue_led_on
                0x0000000000000000        0x4 common/built-in.o
 .text.blue_led_off
                0x0000000000000000        0x4 common/built-in.o
 .text.arch_reserve_stacks
                0x0000000000000000        0x8 common/built-in.o
 .text.fixup_cpu
[...]
Memory Configuration

Name             Origin             Length             Attributes
*default*        0x0000000000000000 0xffffffffffffffff

Linker script and memory map

Address of section .text set to 0x0
                0x0000000000000000                . = 0x0
                0x0000000000000000                . = ALIGN (0x4)

.text           0x0000000000000000    0x5dca8
 *(.__image_copy_start)
 .__image_copy_start
                0x0000000000000000        0x0 arch/arm/lib/built-in.o
                0x0000000000000000                __image_copy_start
 *(.vectors)
 .vectors       0x0000000000000000      0x300 arch/arm/lib/built-in.o
                0x0000000000000000                _start
                0x0000000000000020                _undefined_instruction
                0x0000000000000024                _software_interrupt
                0x0000000000000028                _prefetch_abort
                0x000000000000002c                _data_abort
                0x0000000000000030                _not_used
                0x0000000000000034                _irq
                0x0000000000000038                _fiq
                0x0000000000000040                IRQ_STACK_START_IN
 arch/arm/cpu/arm920t/start.o(.text*)
 .text          0x0000000000000300       0x90 arch/arm/cpu/arm920t/start.o
                0x0000000000000300                reset
                0x0000000000000348                c_runtime_cpu_setup
 *(.text*)
 .text.cleanup_before_linux
                0x0000000000000390       0x1c arch/arm/cpu/arm920t/built-in.o
                0x0000000000000390                cleanup_before_linux
 .text.print_cpuinfo
                0x00000000000003ac       0x74 arch/arm/cpu/arm920t/built-in.o
                0x00000000000003ac                print_cpuinfo
 .text.get_FCLK
                0x0000000000000420       0x40 arch/arm/cpu/arm920t/built-in.o
                0x0000000000000420                get_FCLK
 .text.get_HCLK
                0x0000000000000460       0x20 arch/arm/cpu/arm920t/built-in.o
                0x0000000000000460                get_HCLK
 .text.get_PCLK
                0x0000000000000480       0x20 arch/arm/cpu/arm920t/built-in.o
                0x0000000000000480                get_PCLK
 .text.timer_init
                0x00000000000004a0       0x74 arch/arm/cpu/arm920t/built-in.o
                0x00000000000004a0                timer_init
 .text.get_ticks
                0x0000000000000514       0x50 arch/arm/cpu/arm920t/built-in.o
                0x0000000000000514                get_ticks
 .text.__udelay
                0x0000000000000564       0x4c arch/arm/cpu/arm920t/built-in.o
                0x0000000000000564                __udelay
 .text.get_timer_masked
                0x00000000000005b0       0x28 arch/arm/cpu/arm920t/built-in.o
                0x00000000000005b0                get_timer_masked
 .text.get_timer
                0x00000000000005d8       0x14 arch/arm/cpu/arm920t/built-in.o
                0x00000000000005d8                get_timer
 .text.get_tbclk
                0x00000000000005ec        0x8 arch/arm/cpu/arm920t/built-in.o
                0x00000000000005ec                get_tbclk
 .text.reset_cpu
                0x00000000000005f4       0x20 arch/arm/cpu/arm920t/built-in.o
                0x00000000000005f4                reset_cpu
 .text          0x0000000000000614       0x90 arch/arm/lib/built-in.o
                0x0000000000000614                _main
 .text.relocate_vectors
                0x00000000000006a4       0x90 arch/arm/lib/built-in.o
                0x00000000000006a4                relocate_vectors
                0x00000000000006cc                relocate_code
 .text.boot_jump_linux.isra.4
                0x0000000000000734       0xb0 arch/arm/lib/built-in.o
 .text.arch_lmb_reserve
                0x00000000000007e4       0x24 arch/arm/lib/built-in.o
                0x00000000000007e4                arch_lmb_reserve
 .text.setup_board_tags
                0x0000000000000808        0x4 arch/arm/lib/built-in.o
                0x0000000000000808                setup_board_tags
 .text.boot_prep_linux
                0x000000000000080c      0x194 arch/arm/lib/built-in.o
 .text.do_bootm_linux
                0x00000000000009a0       0x64 arch/arm/lib/built-in.o
                0x00000000000009a0                do_bootm_linux
 .text.boot_prep_vxworks
                0x0000000000000a04        0x4 arch/arm/lib/built-in.o
                0x0000000000000a04                boot_prep_vxworks
 .text.boot_jump_vxworks
                0x0000000000000a08        0xc arch/arm/lib/built-in.o
                0x0000000000000a08                boot_jump_vxworks
 .text.arch_reserve_stacks
                0x0000000000000a14       0x1c arch/arm/lib/built-in.o
                0x0000000000000a14                arch_reserve_stacks
 .text.interrupt_init
                0x0000000000000a30       0x1c arch/arm/lib/built-in.o
                0x0000000000000a30                interrupt_init
 .text.enable_interrupts
                0x0000000000000a4c        0x4 arch/arm/lib/built-in.o
                0x0000000000000a4c                enable_interrupts
 .text.disable_interrupts
                0x0000000000000a50        0x8 arch/arm/lib/built-in.o
                0x0000000000000a50                disable_interrupts
 .text.bad_mode
                0x0000000000000a58       0x10 arch/arm/lib/built-in.o
                0x0000000000000a58                bad_mode
 .text.show_regs
                0x0000000000000a68      0x174 arch/arm/lib/built-in.o
                0x0000000000000a68                show_regs
 .text.do_undefined_instruction
                0x0000000000000bdc       0x20 arch/arm/lib/built-in.o
                0x0000000000000bdc                do_undefined_instruction
 .text.do_software_interrupt
                0x0000000000000bfc       0x20 arch/arm/lib/built-in.o
                0x0000000000000bfc                do_software_interrupt
 .text.do_prefetch_abort
                0x0000000000000c1c       0x20 arch/arm/lib/built-in.o
                0x0000000000000c1c                do_prefetch_abort
 .text.do_data_abort
                0x0000000000000c3c       0x20 arch/arm/lib/built-in.o
                0x0000000000000c3c                do_data_abort
 .text.do_not_used
                0x0000000000000c5c       0x20 arch/arm/lib/built-in.o
                0x0000000000000c5c                do_not_used
 .text.do_fiq   0x0000000000000c7c       0x20 arch/arm/lib/built-in.o
                0x0000000000000c7c                do_fiq
 .text.do_irq   0x0000000000000c9c       0x20 arch/arm/lib/built-in.o
                0x0000000000000c9c                do_irq
 .text.reset_misc
                0x0000000000000cbc        0x4 arch/arm/lib/built-in.o
                0x0000000000000cbc                reset_misc
 .text.do_reset
                0x0000000000000cc0       0x34 arch/arm/lib/built-in.o
                0x0000000000000cc0                do_reset
 .text.enable_caches
                0x0000000000000cf4        0xc arch/arm/lib/built-in.o
                0x0000000000000cf4                enable_caches
 .text.flush_dcache_range
                0x0000000000000d00        0x4 arch/arm/lib/built-in.o
                0x0000000000000d00                flush_dcache_range
 .text.flush_cache
                0x0000000000000d04        0x8 arch/arm/lib/built-in.o
                0x0000000000000d04                flush_cache
 .text.flush_dcache_all
                0x0000000000000d0c        0xc arch/arm/lib/built-in.o
                0x0000000000000d0c                flush_dcache_all
 .text.cp_delay
                0x0000000000000d18       0x30 arch/arm/lib/built-in.o
 .text.arm_init_before_mmu
                0x0000000000000d48        0x4 arch/arm/lib/built-in.o
                0x0000000000000d48                arm_init_before_mmu
 .text.arm_init_domains
                0x0000000000000d4c        0x4 arch/arm/lib/built-in.o
                0x0000000000000d4c                arm_init_domains
 .text.set_section_dcache
                0x0000000000000d50       0x14 arch/arm/lib/built-in.o
                0x0000000000000d50                set_section_dcache
 .text.dram_bank_mmu_setup
                0x0000000000000d64       0x44 arch/arm/lib/built-in.o
                0x0000000000000d64                dram_bank_mmu_setup
 .text.icache_enable
                0x0000000000000da8       0x18 arch/arm/lib/built-in.o
                0x0000000000000da8                icache_enable
 .text.icache_disable
                0x0000000000000dc0       0x20 arch/arm/lib/built-in.o
                0x0000000000000dc0                icache_disable
 .text.icache_status
                0x0000000000000de0       0x10 arch/arm/lib/built-in.o
                0x0000000000000de0                icache_status
 .text.dcache_enable
                0x0000000000000df0       0x70 arch/arm/lib/built-in.o
                0x0000000000000df0                dcache_enable
 .text.dcache_disable
                0x0000000000000e60       0x2c arch/arm/lib/built-in.o
                0x0000000000000e60                dcache_disable
 .text.dcache_status
                0x0000000000000e8c       0x10 arch/arm/lib/built-in.o
                0x0000000000000e8c                dcache_status
 .text          0x0000000000000e9c       0x60 board/samsung/smdk2410/built-in.o
                0x0000000000000e9c                lowlevel_init
 .text.board_early_init_f
                0x0000000000000efc       0xc8 board/samsung/smdk2410/built-in.o
                0x0000000000000efc                board_early_init_f
 .text.board_init
                0x0000000000000fc4       0x30 board/samsung/smdk2410/built-in.o
                0x0000000000000fc4                board_init
 .text.dram_init
                0x0000000000000ff4       0x10 board/samsung/smdk2410/built-in.o
                0x0000000000000ff4                dram_init
 .text.board_eth_init
                0x0000000000001004       0x10 board/samsung/smdk2410/built-in.o
                0x0000000000001004                board_eth_init
 .text.board_flash_get_legacy
                0x0000000000001014       0x18 board/samsung/smdk2410/built-in.o
                0x0000000000001014                board_flash_get_legacy
 .text.do_go_exec
                0x000000000000102c       0x10 cmd/built-in.o
                0x000000000000102c                do_go_exec
 .text.do_go    0x000000000000103c       0x6c cmd/built-in.o
 .text.do_bootm
                0x00000000000010a8      0x110 cmd/built-in.o
                0x00000000000010a8                do_bootm
 .text.do_bootd
                0x00000000000011b8       0x20 cmd/built-in.o
                0x00000000000011b8                do_bootd
 .text.do_imls  0x00000000000011d8       0xb8 cmd/built-in.o
 .text.image_info
                0x0000000000001290       0xe4 cmd/built-in.o
 .text.do_iminfo
                0x0000000000001374       0x58 cmd/built-in.o
 .text.bootm_maybe_autostart
                0x00000000000013cc       0x78 cmd/built-in.o
                0x00000000000013cc                bootm_maybe_autostart
 .text.do_help  0x0000000000001444       0x44 cmd/built-in.o
 .text.do_version
                0x0000000000001488       0x38 cmd/built-in.o
 .text.source   0x00000000000014c0      0x100 cmd/built-in.o
                0x00000000000014c0                source
 .text.do_source
                0x00000000000015c0       0x44 cmd/built-in.o
 .text.print_num
                0x0000000000001604       0x14 cmd/built-in.o
 .text.do_bdinfo
                0x0000000000001618      0x180 cmd/built-in.o
 .text.parse_argv
                0x0000000000001798       0x60 cmd/built-in.o
 .text.invalidate_icache_all
                0x00000000000017f8        0xc cmd/built-in.o
                0x00000000000017f8                invalidate_icache_all
 .text.do_icache
                0x0000000000001804       0x88 cmd/built-in.o
 .text.do_dcache
                0x000000000000188c       0x88 cmd/built-in.o
 .text.do_coninfo
                0x0000000000001914       0xac cmd/built-in.o
 .text.cnvrt2   0x00000000000019c0       0x44 cmd/built-in.o
 .text.mk_date  0x0000000000001a04      0x1d4 cmd/built-in.o
                0x0000000000001a04                mk_date
 .text.do_date  0x0000000000001bd8      0x138 cmd/built-in.o
 .text.do_echo  0x0000000000001d10       0xa8 cmd/built-in.o
 .text.load_elf_image_shdr
                0x0000000000001db8       0x8c cmd/built-in.o
 .text.valid_elf_image
                0x0000000000001e44       0x4c cmd/built-in.o
                0x0000000000001e44                valid_elf_image
 .text.do_bootelf
                0x0000000000001e90      0x1a8 cmd/built-in.o
                0x0000000000001e90                do_bootelf
 .text.do_bootvx
                0x0000000000002038      0x348 cmd/built-in.o
                0x0000000000002038                do_bootvx
 .text.do_exit  0x0000000000002380       0x3c cmd/built-in.o
 .text.do_ext2load
                0x00000000000023bc       0x18 cmd/built-in.o
                0x00000000000023bc                do_ext2load
 .text.do_ext2ls
                0x00000000000023d4       0x18 cmd/built-in.o
 .text.do_fat_size
                0x00000000000023ec       0x18 cmd/built-in.o
                0x00000000000023ec                do_fat_size
 .text.do_fat_fsload
                0x0000000000002404       0x18 cmd/built-in.o
                0x0000000000002404                do_fat_fsload
 .text.do_fat_ls
                0x000000000000241c       0x18 cmd/built-in.o
 .text.do_fat_fsinfo
                0x0000000000002434       0x90 cmd/built-in.o
 .text.flash_fill_sect_ranges
                0x00000000000024c4      0x1b0 cmd/built-in.o
 .text.abbrev_spec
                0x0000000000002674      0x134 cmd/built-in.o
 .text.do_flinfo
                0x00000000000027a8       0x60 cmd/built-in.o
 .text.flash_sect_roundb
                0x0000000000002808       0xc8 cmd/built-in.o
                0x0000000000002808                flash_sect_roundb
 .text.addr_spec
                0x00000000000028d0       0xc0 cmd/built-in.o
 .text.flash_sect_erase
                0x0000000000002990       0xd8 cmd/built-in.o
                0x0000000000002990                flash_sect_erase
 .text.do_flerase
                0x0000000000002a68      0x258 cmd/built-in.o
 .text.flash_sect_protect
                0x0000000000002cc0       0xec cmd/built-in.o
                0x0000000000002cc0                flash_sect_protect
 .text.do_protect
                0x0000000000002dac      0x37c cmd/built-in.o
 .text.evalexp  0x0000000000003128       0x78 cmd/built-in.o
 .text.evalstr  0x00000000000031a0       0x68 cmd/built-in.o
 .text.binary_test
                0x0000000000003208      0x1c0 cmd/built-in.o
 .text.do_itest
                0x00000000000033c8       0x88 cmd/built-in.o
 .text.bin_data_init
                0x0000000000003450       0x2c cmd/built-in.o
 .text.k_data_save
                0x000000000000347c       0x4c cmd/built-in.o
 .text.k_data_restore
                0x00000000000034c8       0x4c cmd/built-in.o
 .text.getcxmodem
                0x0000000000003514       0x1c cmd/built-in.o
 .text.load_serial_ymodem
                0x0000000000003530      0x104 cmd/built-in.o
 .text.bin_data_char
                0x0000000000003634       0x2c cmd/built-in.o
 .text.chk1.constprop.1
                0x0000000000003660       0x2c cmd/built-in.o
 .text.s1_sendpacket.constprop.2
                0x000000000000368c       0x50 cmd/built-in.o
 .text.load_serial
                0x00000000000036dc      0x218 cmd/built-in.o
 .text.do_load_serial
                0x00000000000038f4       0xd8 cmd/built-in.o
 .text.do_load_serial_bin
                0x00000000000039cc      0x7ac cmd/built-in.o
 .text.do_mem_mw
                0x0000000000004178       0xbc cmd/built-in.o
 .text.do_mem_loop
                0x0000000000004234       0xec cmd/built-in.o
 .text.do_mem_md
                0x0000000000004320       0xe4 cmd/built-in.o
 .text.do_mem_cmp
                0x0000000000004404      0x168 cmd/built-in.o
 .text.do_mem_base
                0x000000000000456c       0x40 cmd/built-in.o
 .text.do_mem_cp
                0x00000000000045ac      0x134 cmd/built-in.o
 .text.do_mem_crc
                0x00000000000046e0       0x48 cmd/built-in.o
 .text.mod_mem.isra.0
                0x0000000000004728      0x18c cmd/built-in.o
 .text.do_mem_mm
                0x00000000000048b4        0x8 cmd/built-in.o
 .text.do_mem_nm
                0x00000000000048bc        0x8 cmd/built-in.o
 .text.do_sleep
                0x00000000000048c4       0x70 cmd/built-in.o
 .text.part_delall
                0x0000000000004934       0x44 cmd/built-in.o
 .text.memsize_parse
                0x0000000000004978       0x80 cmd/built-in.o
 .text.mtd_part_info
                0x00000000000049f8       0x98 cmd/built-in.o
 .text.memsize_format
                0x0000000000004a90       0x94 cmd/built-in.o
 .text.index_partitions
                0x0000000000004b24       0xb0 cmd/built-in.o
 .text.current_save
                0x0000000000004bd4       0xbc cmd/built-in.o
 .text.part_sort_add
                0x0000000000004c90      0x128 cmd/built-in.o
 .text.device_del
                0x0000000000004db8       0x7c cmd/built-in.o
 .text.generate_mtdparts_save.constprop.6
                0x0000000000004e34      0x304 cmd/built-in.o
 .text.device_delall.constprop.8
                0x0000000000005138       0x64 cmd/built-in.o
 .text.mtd_devices_init
                0x000000000000519c       0x2c cmd/built-in.o
 .text.get_mtd_info.constprop.9
                0x00000000000051c8       0x80 cmd/built-in.o
 .text.part_validate
                0x0000000000005248      0x3a8 cmd/built-in.o
 .text.device_find
                0x00000000000055f0       0x4c cmd/built-in.o
                0x00000000000055f0                device_find
 .text.device_parse
                0x000000000000563c      0x5c8 cmd/built-in.o
 .text.mtd_id_parse
                0x0000000000005c04      0x114 cmd/built-in.o
                0x0000000000005c04                mtd_id_parse
 .text.find_dev_and_part
                0x0000000000005d18      0x1b4 cmd/built-in.o
                0x0000000000005d18                find_dev_and_part
 .text.mtdparts_init
                0x0000000000005ecc      0x650 cmd/built-in.o
                0x0000000000005ecc                mtdparts_init
 .text.do_chpart
                0x000000000000651c       0xd4 cmd/built-in.o
 .text.do_mtdparts
                0x00000000000065f0      0x5dc cmd/built-in.o
 .text.set_dev  0x0000000000006bcc       0x70 cmd/built-in.o
 .text.nand_print_and_set_info
                0x0000000000006c3c       0xf4 cmd/built-in.o
 .text.do_nand  0x0000000000006d30      0xd94 cmd/built-in.o
 .text.nand_load_image
                0x0000000000007ac4      0x1e4 cmd/built-in.o
 .text.do_nandboot
                0x0000000000007ca8      0x238 cmd/built-in.o
 .text.netboot_common
                0x0000000000007ee0      0x288 cmd/built-in.o
 .text.do_bootp
                0x0000000000008168        0xc cmd/built-in.o
 .text.do_dhcp  0x0000000000008174        0xc cmd/built-in.o
 .text.do_nfs   0x0000000000008180        0xc cmd/built-in.o
 .text.do_tftpb
                0x000000000000818c       0x40 cmd/built-in.o
                0x000000000000818c                do_tftpb
 .text.do_ping  0x00000000000081cc       0x78 cmd/built-in.o
 .text.do_reginfo
                0x0000000000008244        0x8 cmd/built-in.o
 .text.do_false
                0x000000000000824c        0x8 cmd/built-in.o
 .text.do_true  0x0000000000008254        0x8 cmd/built-in.o
 .text.do_test  0x000000000000825c      0x33c cmd/built-in.o
 .text.ubi_find_volume
                0x0000000000008598       0x70 cmd/built-in.o
 .text.ubi_volume_continue_write
                0x0000000000008608       0xa0 cmd/built-in.o
 .text.ubi_volume_begin_write
                0x00000000000086a8       0xa0 cmd/built-in.o
                0x00000000000086a8                ubi_volume_begin_write
 .text.ubi_volume_write
                0x0000000000008748        0x8 cmd/built-in.o
                0x0000000000008748                ubi_volume_write
 .text.ubi_volume_read
                0x0000000000008750      0x1d4 cmd/built-in.o
                0x0000000000008750                ubi_volume_read
 .text.ubi_part
                0x0000000000008924      0x258 cmd/built-in.o
                0x0000000000008924                ubi_part
 .text.do_ubi   0x0000000000008b7c      0x858 cmd/built-in.o
 .text.do_ubifs_mount
                0x00000000000093d4       0x64 cmd/built-in.o
 .text.do_ubifs_ls
                0x0000000000009438       0x64 cmd/built-in.o
 .text.do_ubifs_load
                0x000000000000949c       0xc8 cmd/built-in.o
 .text.ubifs_is_mounted
                0x0000000000009564       0x10 cmd/built-in.o
                0x0000000000009564                ubifs_is_mounted
 .text.cmd_ubifs_umount
                0x0000000000009574       0x28 cmd/built-in.o
                0x0000000000009574                cmd_ubifs_umount
 .text.do_ubifs_umount
                0x000000000000959c       0x48 cmd/built-in.o
 .text.usb_get_class_desc
                0x00000000000095e4       0xbc cmd/built-in.o
 .text.usb_find_device
                0x00000000000096a0       0x3c cmd/built-in.o
 .text.usb_show_tree_graph
                0x00000000000096dc      0x224 cmd/built-in.o
 .text.usb_display_class_sub
                0x0000000000009900      0x170 cmd/built-in.o
 .text.usb_display_string
                0x0000000000009a70       0x40 cmd/built-in.o
 .text.usb_display_config
                0x0000000000009ab0      0x208 cmd/built-in.o
 .text.do_usbboot
                0x0000000000009cb8        0xc cmd/built-in.o
 .text.usb_display_desc.part.0
                0x0000000000009cc4      0x128 cmd/built-in.o
 .text.do_usb_start
                0x0000000000009dec       0x34 cmd/built-in.o
 .text.usb_show_tree
                0x0000000000009e20       0x54 cmd/built-in.o
                0x0000000000009e20                usb_show_tree
 .text.do_usb   0x0000000000009e74      0x768 cmd/built-in.o
 .text.do_imgextract
                0x000000000000a5dc      0x310 cmd/built-in.o
 .text.do_ydevls
                0x000000000000a8ec       0x10 cmd/built-in.o
                0x000000000000a8ec                do_ydevls
 .text.do_ydevconfig
                0x000000000000a8fc       0x7c cmd/built-in.o
                0x000000000000a8fc                do_ydevconfig
 .text.do_ymount
                0x000000000000a978       0x44 cmd/built-in.o
                0x000000000000a978                do_ymount
 .text.do_yumount
                0x000000000000a9bc       0x44 cmd/built-in.o
                0x000000000000a9bc                do_yumount
 .text.do_yls   0x000000000000aa00       0x6c cmd/built-in.o
                0x000000000000aa00                do_yls
 .text.do_yrd   0x000000000000aa6c       0x50 cmd/built-in.o
                0x000000000000aa6c                do_yrd
 .text.do_ywr   0x000000000000aabc       0x8c cmd/built-in.o
                0x000000000000aabc                do_ywr
 .text.do_yrdm  0x000000000000ab48       0x48 cmd/built-in.o
                0x000000000000ab48                do_yrdm
 .text.do_ywrm  0x000000000000ab90       0x64 cmd/built-in.o
                0x000000000000ab90                do_ywrm
 .text.do_ymkdir
                0x000000000000abf4       0x30 cmd/built-in.o
                0x000000000000abf4                do_ymkdir
 .text.do_yrmdir
                0x000000000000ac24       0x30 cmd/built-in.o
                0x000000000000ac24                do_yrmdir
 .text.do_yrm   0x000000000000ac54       0x30 cmd/built-in.o
                0x000000000000ac54                do_yrm
 .text.do_ymv   0x000000000000ac84       0x34 cmd/built-in.o
                0x000000000000ac84                do_ymv
 .text.do_ytrace
                0x000000000000acb8       0x38 cmd/built-in.o
                0x000000000000acb8                do_ytrace
 .text.do_env_delete
                0x000000000000acf0       0x9c cmd/built-in.o
 .text.do_env_exists
                0x000000000000ad8c       0x64 cmd/built-in.o
 .text.do_env_save
                0x000000000000adf0       0x2c cmd/built-in.o
 .text.do_env   0x000000000000ae1c       0x68 cmd/built-in.o
 .text.env_print
                0x000000000000ae84       0xc0 cmd/built-in.o
 .text.do_env_print
                0x000000000000af44       0xc8 cmd/built-in.o
 .text.do_env_import
                0x000000000000b00c      0x284 cmd/built-in.o
 .text.do_env_default
                0x000000000000b290       0xa8 cmd/built-in.o
 .text._do_env_set.isra.0
                0x000000000000b338      0x1bc cmd/built-in.o
 .text.do_env_set
                0x000000000000b4f4       0x1c cmd/built-in.o
 .text.get_env_id
                0x000000000000b510       0x10 cmd/built-in.o
                0x000000000000b510                get_env_id
 .text.setenv   0x000000000000b520       0x60 cmd/built-in.o
                0x000000000000b520                setenv
 .text.setenv_ulong
                0x000000000000b580       0x20 cmd/built-in.o
                0x000000000000b580                setenv_ulong
 .text.setenv_hex
                0x000000000000b5a0       0x34 cmd/built-in.o
                0x000000000000b5a0                setenv_hex
 .text.do_env_export
                0x000000000000b5d4      0x260 cmd/built-in.o
 .text.envmatch
                0x000000000000b834       0x6c cmd/built-in.o
                0x000000000000b834                envmatch
 .text.getenv_f
                0x000000000000b8a0       0xc8 cmd/built-in.o
                0x000000000000b8a0                getenv_f
 .text.getenv   0x000000000000b968       0x78 cmd/built-in.o
                0x000000000000b968                getenv
 .text.getenv_ulong
                0x000000000000b9e0       0x2c cmd/built-in.o
                0x000000000000b9e0                getenv_ulong
 .text.do_env_edit.part.2
                0x000000000000ba0c       0xa0 cmd/built-in.o
 .text.do_env_edit
                0x000000000000baac       0x2c cmd/built-in.o
 .text.common_diskboot
                0x000000000000bad8      0x24c cmd/built-in.o
                0x000000000000bad8                common_diskboot
 .text.board_init_f_alloc_reserve
                0x000000000000bd24        0xc common/built-in.o
                0x000000000000bd24                board_init_f_alloc_reserve
 .text.board_init_f_init_reserve
                0x000000000000bd30        0xc common/built-in.o
                0x000000000000bd30                board_init_f_init_reserve
 .text.show_boot_progress
                0x000000000000bd3c        0x4 common/built-in.o
                0x000000000000bd3c                show_boot_progress
 .text.main_loop
                0x000000000000bd40       0x28 common/built-in.o
                0x000000000000bd40                main_loop
 .text.dummy    0x000000000000bd68        0x4 common/built-in.o
 .text.get_version
                0x000000000000bd6c        0x8 common/built-in.o
                0x000000000000bd6c                get_version
 .text.jumptable_init
                0x000000000000bd74      0x1d0 common/built-in.o
                0x000000000000bd74                jumptable_init
 .text.hash_command
                0x000000000000bf44       0xb4 common/built-in.o
                0x000000000000bf44                hash_command
 .text.b_reset  0x000000000000bff8       0x1c common/built-in.o
 .text.static_get
                0x000000000000c014       0x1c common/built-in.o
 .text.file_peek
                0x000000000000c030        0xc common/built-in.o
 .text.mapset   0x000000000000c03c       0x20 common/built-in.o
 .text.syntax_err
                0x000000000000c05c        0xc common/built-in.o
 .text.free_pipe_list
                0x000000000000c068       0xf4 common/built-in.o
 .text.xmalloc  0x000000000000c15c       0x20 common/built-in.o
 .text.new_pipe
                0x000000000000c17c       0x28 common/built-in.o
 .text.xrealloc
                0x000000000000c1a4       0x20 common/built-in.o
 .text.done_command
                0x000000000000c1c4       0x8c common/built-in.o
 .text.done_pipe
                0x000000000000c250       0x48 common/built-in.o
 .text.done_word
                0x000000000000c298      0x2e4 common/built-in.o
 .text.do_showvar
                0x000000000000c57c       0xf4 common/built-in.o
 .text.is_assignment
                0x000000000000c670       0x5c common/built-in.o
 .text.file_get
                0x000000000000c6cc      0x220 common/built-in.o
 .text.b_addchr
                0x000000000000c8ec       0x80 common/built-in.o
 .text.b_addqchr
                0x000000000000c96c       0x50 common/built-in.o
 .text.static_peek
                0x000000000000c9bc        0xc common/built-in.o
 .text.get_local_var
                0x000000000000c9c8       0xa0 common/built-in.o
                0x000000000000c9c8                get_local_var
 .text.set_local_var
                0x000000000000ca68      0x1bc common/built-in.o
                0x000000000000ca68                set_local_var
 .text.insert_var_value_sub
                0x000000000000cc24      0x2bc common/built-in.o
 .text.parse_string_outer
                0x000000000000cee0       0xe4 common/built-in.o
                0x000000000000cee0                parse_string_outer
 .text.run_list_real
                0x000000000000cfc4      0x7a4 common/built-in.o
 .text.parse_stream_outer
                0x000000000000d768      0x6c4 common/built-in.o
 .text.parse_file_outer
                0x000000000000de2c       0x44 common/built-in.o
                0x000000000000de2c                parse_file_outer
 .text.u_boot_hush_start
                0x000000000000de70       0x54 common/built-in.o
                0x000000000000de70                u_boot_hush_start
 .text.bootdelay_process
                0x000000000000dec4       0x54 common/built-in.o
                0x000000000000dec4                bootdelay_process
 .text.autoboot_command
                0x000000000000df18      0x110 common/built-in.o
                0x000000000000df18                autoboot_command
 .text.bootretry_init_cmd_timeout
                0x000000000000e028       0x40 common/built-in.o
                0x000000000000e028                bootretry_init_cmd_timeout
 .text.bootretry_reset_cmd_timeout
                0x000000000000e068       0x48 common/built-in.o
                0x000000000000e068                bootretry_reset_cmd_timeout
 .text.bootretry_tstc_timeout
                0x000000000000e0b0       0x50 common/built-in.o
                0x000000000000e0b0                bootretry_tstc_timeout
 .text.setup_mon_len
                0x000000000000e100       0x20 common/built-in.o
 .text.reserve_round_4k
                0x000000000000e120       0x18 common/built-in.o
 .text.reserve_mmu
                0x000000000000e138       0x38 common/built-in.o
 .text.reserve_uboot
                0x000000000000e170       0x30 common/built-in.o
 .text.reserve_malloc
                0x000000000000e1a0       0x14 common/built-in.o
 .text.reserve_global_data
                0x000000000000e1b4       0x1c common/built-in.o
 .text.reserve_fdt
                0x000000000000e1d0       0x60 common/built-in.o
 .text.initf_dm
                0x000000000000e230        0x8 common/built-in.o
 .text.arch_cpu_init_dm
                0x000000000000e238        0x8 common/built-in.o
                0x000000000000e238                arch_cpu_init_dm
 .text.announce_dram_init
                0x000000000000e240       0x18 common/built-in.o
 .text.init_baud_rate
                0x000000000000e258       0x2c common/built-in.o
 .text.mark_bootstage
                0x000000000000e284       0x14 common/built-in.o
 .text.setup_reloc
                0x000000000000e298       0x38 common/built-in.o
 .text.reloc_fdt
                0x000000000000e2d0       0x44 common/built-in.o
 .text.reserve_board
                0x000000000000e314       0x40 common/built-in.o
 .text.reserve_arch
                0x000000000000e354        0x8 common/built-in.o
                0x000000000000e354                reserve_arch
 .text.display_text_info
                0x000000000000e35c        0x8 common/built-in.o
 .text.arch_cpu_init
                0x000000000000e364        0x8 common/built-in.o
                0x000000000000e364                arch_cpu_init
 .text.reserve_trace
                0x000000000000e36c        0x8 common/built-in.o
 .text.setup_machine
                0x000000000000e374        0x8 common/built-in.o
 .text.display_new_sp
                0x000000000000e37c        0x8 common/built-in.o
 .text.initf_console_record
                0x000000000000e384        0x8 common/built-in.o
 .text.coloured_LED_init
                0x000000000000e38c        0x4 common/built-in.o
                0x000000000000e38c                coloured_LED_init
 .text.red_led_on
                0x000000000000e390        0x4 common/built-in.o
                0x000000000000e390                red_led_on
 .text.board_add_ram_info
                0x000000000000e394        0x4 common/built-in.o
                0x000000000000e394                board_add_ram_info
 .text.show_dram_config
                0x000000000000e398       0x34 common/built-in.o
 .text.dram_init_banksize
                0x000000000000e3cc       0x20 common/built-in.o
                0x000000000000e3cc                dram_init_banksize
 .text.setup_dram_config
                0x000000000000e3ec       0x10 common/built-in.o
 .text.board_get_usable_ram_top
                0x000000000000e3fc       0x14 common/built-in.o
                0x000000000000e3fc                board_get_usable_ram_top
 .text.board_reserve_ram_top
                0x000000000000e410        0x4 common/built-in.o
                0x000000000000e410                board_reserve_ram_top
 .text.setup_dest_addr
                0x000000000000e414       0x4c common/built-in.o
 .text.reserve_stacks
                0x000000000000e460       0x1c common/built-in.o
 .text.board_init_f
                0x000000000000e47c       0x28 common/built-in.o
                0x000000000000e47c                board_init_f
 .text.bootstage_relocate
                0x000000000000e4a4        0x8 common/built-in.o
 .text.initr_reloc
                0x000000000000e4ac       0x18 common/built-in.o
 .text.initr_reloc_global_data
                0x000000000000e4c4       0x28 common/built-in.o
 .text.power_init_board
                0x000000000000e4ec        0x8 common/built-in.o
                0x000000000000e4ec                power_init_board
 .text.initr_announce
                0x000000000000e4f4        0x8 common/built-in.o
 .text.run_main_loop
                0x000000000000e4fc        0xc common/built-in.o
 .text.initr_net
                0x000000000000e508       0x1c common/built-in.o
 .text.initr_ethaddr
                0x000000000000e524       0x20 common/built-in.o
 .text.initr_enable_interrupts
                0x000000000000e544       0x10 common/built-in.o
 .text.initr_jumptable
                0x000000000000e554       0x10 common/built-in.o
 .text.initr_env
                0x000000000000e564       0x30 common/built-in.o
 .text.initr_nand
                0x000000000000e594       0x1c common/built-in.o
 .text.initr_serial
                0x000000000000e5b0       0x10 common/built-in.o
 .text.initr_bootstage
                0x000000000000e5c0       0x14 common/built-in.o
 .text.initr_malloc
                0x000000000000e5d4       0x1c common/built-in.o
 .text.initr_caches
                0x000000000000e5f0       0x10 common/built-in.o
 .text.initr_console_record
                0x000000000000e600        0x8 common/built-in.o
 .text.initr_trace
                0x000000000000e608        0x8 common/built-in.o
 .text.initr_barrier
                0x000000000000e610        0x8 common/built-in.o
 .text.board_flash_wp_on
                0x000000000000e618        0x8 common/built-in.o
                0x000000000000e618                board_flash_wp_on
 .text.initr_flash
                0x000000000000e620       0x78 common/built-in.o
 .text.cpu_secondary_init_r
                0x000000000000e698        0x4 common/built-in.o
                0x000000000000e698                cpu_secondary_init_r
 .text.initr_secondary_cpu
                0x000000000000e69c       0x10 common/built-in.o
 .text.board_init_r
                0x000000000000e6ac       0x14 common/built-in.o
                0x000000000000e6ac                board_init_r
 .text.bootm_find_images
                0x000000000000e6c0       0x50 common/built-in.o
                0x000000000000e6c0                bootm_find_images
 .text.bootm_decomp_image
                0x000000000000e710      0x1cc common/built-in.o
                0x000000000000e710                bootm_decomp_image
 .text.bootm_disable_interrupts
                0x000000000000e8dc       0x18 common/built-in.o
                0x000000000000e8dc                bootm_disable_interrupts
 .text.do_bootm_states
                0x000000000000e8f4      0x790 common/built-in.o
                0x000000000000e8f4                do_bootm_states
 .text.copy_args
                0x000000000000f084       0x50 common/built-in.o
 .text.do_bootm_rtems
                0x000000000000f0d4       0x44 common/built-in.o
 .text.do_bootm_plan9
                0x000000000000f118       0xa4 common/built-in.o
 .text.do_bootm_standalone
                0x000000000000f1bc       0x64 common/built-in.o
 .text.do_bootm_qnxelf
                0x000000000000f220       0x5c common/built-in.o
 .text.do_bootm_netbsd
                0x000000000000f27c       0xfc common/built-in.o
 .text.do_bootvx_fdt
                0x000000000000f378       0x3c common/built-in.o
                0x000000000000f378                do_bootvx_fdt
 .text.do_bootm_vxworks
                0x000000000000f3b4       0x24 common/built-in.o
 .text.arch_preboot_os
                0x000000000000f3d8        0x4 common/built-in.o
                0x000000000000f3d8                arch_preboot_os
 .text.boot_selected_os
                0x000000000000f3dc       0x58 common/built-in.o
                0x000000000000f3dc                boot_selected_os
 .text.bootm_os_get_boot_func
                0x000000000000f434       0x10 common/built-in.o
                0x000000000000f434                bootm_os_get_boot_func
 .text.regex_callback
                0x000000000000f444      0x134 common/built-in.o
 .text.env_attr_walk
                0x000000000000f578      0x128 common/built-in.o
                0x000000000000f578                env_attr_walk
 .text.env_attr_lookup
                0x000000000000f6a0       0x84 common/built-in.o
                0x000000000000f6a0                env_attr_lookup
 .text.clear_callback
                0x000000000000f724       0x10 common/built-in.o
 .text.find_env_callback
                0x000000000000f734       0x64 common/built-in.o
 .text.on_callbacks
                0x000000000000f798       0x50 common/built-in.o
 .text.set_callback
                0x000000000000f7e8       0x98 common/built-in.o
 .text.env_callback_init
                0x000000000000f880       0xc4 common/built-in.o
                0x000000000000f880                env_callback_init
 .text.skip_num
                0x000000000000f944       0x78 common/built-in.o
 .text.clear_flags
                0x000000000000f9bc       0x10 common/built-in.o
 .text.on_flags
                0x000000000000f9cc       0x50 common/built-in.o
 .text.env_flags_parse_vartype
                0x000000000000fa1c       0x50 common/built-in.o
                0x000000000000fa1c                env_flags_parse_vartype
 .text.env_flags_parse_varaccess
                0x000000000000fa6c       0x58 common/built-in.o
                0x000000000000fa6c                env_flags_parse_varaccess
 .text.set_flags
                0x000000000000fac4       0xb0 common/built-in.o
 .text.eth_validate_ethaddr_str
                0x000000000000fb74       0x94 common/built-in.o
                0x000000000000fb74                eth_validate_ethaddr_str
 .text.env_flags_init
                0x000000000000fc08       0xd8 common/built-in.o
                0x000000000000fc08                env_flags_init
 .text.env_flags_validate
                0x000000000000fce0      0x2ac common/built-in.o
                0x000000000000fce0                env_flags_validate
 .text.env_init
                0x000000000000ff8c       0x64 common/built-in.o
                0x000000000000ff8c                env_init
 .text.saveenv  0x000000000000fff0       0xac common/built-in.o
                0x000000000000fff0                saveenv
 .text.env_relocate_spec
                0x000000000001009c        0xc common/built-in.o
                0x000000000001009c                env_relocate_spec
 .text.usb_set_maxpacket_ep
                0x00000000000100a8       0x74 common/built-in.o
 .text.usb_stop
                0x000000000001011c       0x60 common/built-in.o
                0x000000000001011c                usb_stop
 .text.usb_disable_asynch
                0x000000000001017c       0x20 common/built-in.o
                0x000000000001017c                usb_disable_asynch
 .text.usb_submit_int_msg
                0x000000000001019c        0x4 common/built-in.o
                0x000000000001019c                usb_submit_int_msg
 .text.usb_control_msg
                0x00000000000101a0       0xc0 common/built-in.o
                0x00000000000101a0                usb_control_msg
 .text.usb_get_descriptor
                0x0000000000010260       0x64 common/built-in.o
 .text.get_descriptor_len
                0x00000000000102c4       0x90 common/built-in.o
 .text.usb_get_string
                0x0000000000010354       0x6c common/built-in.o
 .text.usb_string_sub
                0x00000000000103c0      0x110 common/built-in.o
 .text.usb_bulk_msg
                0x00000000000104d0       0x70 common/built-in.o
                0x00000000000104d0                usb_bulk_msg
 .text.usb_maxpacket
                0x0000000000010540       0x1c common/built-in.o
                0x0000000000010540                usb_maxpacket
 .text.usb_clear_halt
                0x000000000001055c       0x98 common/built-in.o
                0x000000000001055c                usb_clear_halt
 .text.usb_get_configuration_len
                0x00000000000105f4       0x74 common/built-in.o
                0x00000000000105f4                usb_get_configuration_len
 .text.usb_get_configuration_no
                0x0000000000010668       0x30 common/built-in.o
                0x0000000000010668                usb_get_configuration_no
 .text.usb_set_interface
                0x0000000000010698       0xc8 common/built-in.o
                0x0000000000010698                usb_set_interface
 .text.usb_set_protocol
                0x0000000000010760       0x54 common/built-in.o
                0x0000000000010760                usb_set_protocol
 .text.usb_set_idle
                0x00000000000107b4       0x5c common/built-in.o
                0x00000000000107b4                usb_set_idle
 .text.usb_string
                0x0000000000010810      0x114 common/built-in.o
                0x0000000000010810                usb_string
 .text.usb_get_dev_index
                0x0000000000010924       0x24 common/built-in.o
                0x0000000000010924                usb_get_dev_index
 .text.usb_alloc_new_device
                0x0000000000010948       0x9c common/built-in.o
                0x0000000000010948                usb_alloc_new_device
 .text.usb_free_device
                0x00000000000109e4       0x48 common/built-in.o
                0x00000000000109e4                usb_free_device
 .text.usb_alloc_device
                0x0000000000010a2c        0x8 common/built-in.o
                0x0000000000010a2c                usb_alloc_device
 .text.usb_select_config
                0x0000000000010a34      0x464 common/built-in.o
                0x0000000000010a34                usb_select_config
 .text.usb_setup_device
                0x0000000000010e98      0x174 common/built-in.o
                0x0000000000010e98                usb_setup_device
 .text.usb_new_device
                0x000000000001100c       0x34 common/built-in.o
                0x000000000001100c                usb_new_device
 .text.usb_init
                0x0000000000011040      0x148 common/built-in.o
                0x0000000000011040                usb_init
 .text.usb_device_has_child_on_port
                0x0000000000011188       0x14 common/built-in.o
                0x0000000000011188                usb_device_has_child_on_port
 .text.usb_set_port_feature
                0x000000000001119c       0x54 common/built-in.o
 .text.usb_clear_port_feature
                0x00000000000111f0       0x54 common/built-in.o
 .text.usb_get_hub_descriptor
                0x0000000000011244       0x50 common/built-in.o
 .text.usb_hub_reset_devices
                0x0000000000011294        0x4 common/built-in.o
                0x0000000000011294                usb_hub_reset_devices
 .text.usb_get_port_status
                0x0000000000011298       0x50 common/built-in.o
                0x0000000000011298                usb_get_port_status
 .text.usb_hub_reset
                0x00000000000112e8       0x20 common/built-in.o
                0x00000000000112e8                usb_hub_reset
 .text.legacy_hub_port_reset
                0x0000000000011308       0x9c common/built-in.o
                0x0000000000011308                legacy_hub_port_reset
 .text.usb_hub_port_connect_change
                0x00000000000113a4      0x15c common/built-in.o
                0x00000000000113a4                usb_hub_port_connect_change
 .text.usb_hub_configure
                0x0000000000011500      0x4b4 common/built-in.o
 .text.usb_hub_probe
                0x00000000000119b4       0x54 common/built-in.o
                0x00000000000119b4                usb_hub_probe
 .text.usb_stor_irq
                0x0000000000011a08       0x1c common/built-in.o
 .text.usb_stor_BBB_reset
                0x0000000000011a24       0xd0 common/built-in.o
 .text.usb_stor_CB_reset
                0x0000000000011af4       0xd4 common/built-in.o
 .text.usb_stor_BBB_clear_endpt_stall.isra.2
                0x0000000000011bc8       0x40 common/built-in.o
 .text.usb_stor_BBB_transport
                0x0000000000011c08      0x260 common/built-in.o
 .text.usb_stor_CB_comdat
                0x0000000000011e68      0x200 common/built-in.o
 .text.usb_stor_CBI_get_status.isra.4
                0x0000000000012068       0xc8 common/built-in.o
 .text.usb_stor_CB_transport
                0x0000000000012130      0x230 common/built-in.o
 .text.usb_request_sense.constprop.10
                0x0000000000012360       0x70 common/built-in.o
 .text.usb_stor_read
                0x00000000000123d0      0x178 common/built-in.o
 .text.usb_stor_write
                0x0000000000012548      0x178 common/built-in.o
 .text.usb_stor_get_dev
                0x00000000000126c0       0x28 common/built-in.o
                0x00000000000126c0                usb_stor_get_dev
 .text.usb_stor_info
                0x00000000000126e8       0x74 common/built-in.o
                0x00000000000126e8                usb_stor_info
 .text.usb_storage_probe
                0x000000000001275c      0x204 common/built-in.o
                0x000000000001275c                usb_storage_probe
 .text.usb_stor_get_info
                0x0000000000012960      0x33c common/built-in.o
                0x0000000000012960                usb_stor_get_info
 .text.usb_stor_scan
                0x0000000000012c9c      0x1f8 common/built-in.o
                0x0000000000012c9c                usb_stor_scan
 .text.flash_protect
                0x0000000000012e94       0xec common/built-in.o
                0x0000000000012e94                flash_protect
 .text.addr2info
                0x0000000000012f80       0x4c common/built-in.o
                0x0000000000012f80                addr2info
 .text.flash_write
                0x0000000000012fcc      0x14c common/built-in.o
                0x0000000000012fcc                flash_write
 .text.flash_perror
                0x0000000000013118       0xe8 common/built-in.o
                0x0000000000013118                flash_perror
 .text.usb_kbd_testc
                0x0000000000013200       0x6c common/built-in.o
 .text.usb_kbd_getc
                0x000000000001326c       0x48 common/built-in.o
 .text.usb_kbd_translate.part.0
                0x00000000000132b4      0x138 common/built-in.o
 .text.usb_kbd_irq
                0x00000000000133ec      0x1c8 common/built-in.o
 .text.drv_usb_kbd_init
                0x00000000000135b4      0x23c common/built-in.o
                0x00000000000135b4                drv_usb_kbd_init
 .text.usb_kbd_deregister
                0x00000000000137f0        0x8 common/built-in.o
                0x00000000000137f0                usb_kbd_deregister
 .text.env_get_char_spec
                0x00000000000137f8        0xc common/built-in.o
                0x00000000000137f8                env_get_char_spec
 .text.env_get_addr
                0x0000000000013804       0x20 common/built-in.o
                0x0000000000013804                env_get_addr
 .text.env_get_char_memory
                0x0000000000013824       0x10 common/built-in.o
                0x0000000000013824                env_get_char_memory
 .text.env_get_char
                0x0000000000013834       0x28 common/built-in.o
                0x0000000000013834                env_get_char
 .text.getenv_yesno
                0x000000000001385c       0x40 common/built-in.o
                0x000000000001385c                getenv_yesno
 .text.getenv_default
                0x000000000001389c       0x30 common/built-in.o
                0x000000000001389c                getenv_default
 .text.set_default_env
                0x00000000000138cc       0xc0 common/built-in.o
                0x00000000000138cc                set_default_env
 .text.set_default_vars
                0x000000000001398c       0x38 common/built-in.o
                0x000000000001398c                set_default_vars
 .text.env_import
                0x00000000000139c4       0xe0 common/built-in.o
                0x00000000000139c4                env_import
 .text.env_export
                0x0000000000013aa4       0xa4 common/built-in.o
                0x0000000000013aa4                env_export
 .text.env_relocate
                0x0000000000013b48       0x2c common/built-in.o
                0x0000000000013b48                env_relocate
 .text.console_setfile
                0x0000000000013b74       0xc4 common/built-in.o
 .text.putc     0x0000000000013c38       0x30 common/built-in.o
                0x0000000000013c38                putc
 .text.puts     0x0000000000013c68       0x30 common/built-in.o
                0x0000000000013c68                puts
 .text.fgetc    0x0000000000013c98       0x20 common/built-in.o
                0x0000000000013c98                fgetc
 .text.getc     0x0000000000013cb8       0x20 common/built-in.o
                0x0000000000013cb8                getc
 .text.ftstc    0x0000000000013cd8       0x20 common/built-in.o
                0x0000000000013cd8                ftstc
 .text.tstc     0x0000000000013cf8       0x20 common/built-in.o
                0x0000000000013cf8                tstc
 .text.ctrlc    0x0000000000013d18       0x58 common/built-in.o
                0x0000000000013d18                ctrlc
 .text.confirm_yesno
                0x0000000000013d70       0xd4 common/built-in.o
                0x0000000000013d70                confirm_yesno
 .text.had_ctrlc
                0x0000000000013e44       0x10 common/built-in.o
                0x0000000000013e44                had_ctrlc
 .text.clear_ctrlc
                0x0000000000013e54       0x14 common/built-in.o
                0x0000000000013e54                clear_ctrlc
 .text.search_device
                0x0000000000013e68       0x28 common/built-in.o
                0x0000000000013e68                search_device
 .text.console_assign
                0x0000000000013e90       0x44 common/built-in.o
                0x0000000000013e90                console_assign
 .text.on_console
                0x0000000000013ed4       0xb4 common/built-in.o
 .text.console_init_f
                0x0000000000013f88       0x10 common/built-in.o
                0x0000000000013f88                console_init_f
 .text.stdio_print_current_devices
                0x0000000000013f98       0xac common/built-in.o
                0x0000000000013f98                stdio_print_current_devices
 .text.console_init_r
                0x0000000000014044       0xd4 common/built-in.o
                0x0000000000014044                console_init_r
 .text.sbrk     0x0000000000014118       0x68 common/built-in.o
                0x0000000000014118                sbrk
 .text.mem_malloc_init
                0x0000000000014180       0x34 common/built-in.o
                0x0000000000014180                mem_malloc_init
 .text.malloc_trim
                0x00000000000141b4       0xcc common/built-in.o
                0x00000000000141b4                malloc_trim
 .text.free     0x0000000000014280      0x238 common/built-in.o
                0x0000000000014280                free
 .text.malloc   0x00000000000144b8      0x614 common/built-in.o
                0x00000000000144b8                malloc
 .text.calloc   0x0000000000014acc       0xd0 common/built-in.o
                0x0000000000014acc                calloc
 .text.realloc  0x0000000000014b9c      0x4c8 common/built-in.o
                0x0000000000014b9c                realloc
 .text.memalign
                0x0000000000015064      0x13c common/built-in.o
                0x0000000000015064                memalign
 .text.initf_malloc
                0x00000000000151a0        0x8 common/built-in.o
                0x00000000000151a0                initf_malloc
 .text.on_loadaddr
                0x00000000000151a8       0x38 common/built-in.o
 .text.image_check_hcrc
                0x00000000000151e0       0x60 common/built-in.o
                0x00000000000151e0                image_check_hcrc
 .text.image_check_dcrc
                0x0000000000015240       0x60 common/built-in.o
                0x0000000000015240                image_check_dcrc
 .text.image_multi_count
                0x00000000000152a0       0x1c common/built-in.o
                0x00000000000152a0                image_multi_count
 .text.image_multi_getimg
                0x00000000000152bc       0xa8 common/built-in.o
                0x00000000000152bc                image_multi_getimg
 .text.getenv_bootm_low
                0x0000000000015364       0x2c common/built-in.o
                0x0000000000015364                getenv_bootm_low
 .text.getenv_bootm_size
                0x0000000000015390       0x64 common/built-in.o
                0x0000000000015390                getenv_bootm_size
 .text.getenv_bootm_mapsize
                0x00000000000153f4       0x30 common/built-in.o
                0x00000000000153f4                getenv_bootm_mapsize
 .text.memmove_wd
                0x0000000000015424        0xc common/built-in.o
                0x0000000000015424                memmove_wd
 .text.genimg_print_size
                0x0000000000015430       0x30 common/built-in.o
                0x0000000000015430                genimg_print_size
 .text.genimg_print_time
                0x0000000000015460       0x48 common/built-in.o
                0x0000000000015460                genimg_print_time
 .text.get_table_entry
                0x00000000000154a8       0x24 common/built-in.o
                0x00000000000154a8                get_table_entry
 .text.get_table_entry_name
                0x00000000000154cc       0x20 common/built-in.o
                0x00000000000154cc                get_table_entry_name
 .text.genimg_get_os_name
                0x00000000000154ec       0x18 common/built-in.o
                0x00000000000154ec                genimg_get_os_name
 .text.genimg_get_arch_name
                0x0000000000015504       0x18 common/built-in.o
                0x0000000000015504                genimg_get_arch_name
 .text.genimg_get_type_name
                0x000000000001551c       0x18 common/built-in.o
                0x000000000001551c                genimg_get_type_name
 .text.genimg_get_comp_name
                0x0000000000015534       0x18 common/built-in.o
                0x0000000000015534                genimg_get_comp_name
 .text.image_print_contents
                0x000000000001554c      0x1e0 common/built-in.o
                0x000000000001554c                image_print_contents
 .text.genimg_get_kernel_addr_fit
                0x000000000001572c       0x20 common/built-in.o
                0x000000000001572c                genimg_get_kernel_addr_fit
 .text.genimg_get_format
                0x000000000001574c       0x34 common/built-in.o
                0x000000000001574c                genimg_get_format
 .text.genimg_get_image
                0x0000000000015780        0x4 common/built-in.o
                0x0000000000015780                genimg_get_image
 .text.boot_get_ramdisk
                0x0000000000015784      0x26c common/built-in.o
                0x0000000000015784                boot_get_ramdisk
 .text.boot_ramdisk_high
                0x00000000000159f0      0x138 common/built-in.o
                0x00000000000159f0                boot_ramdisk_high
 .text.boot_get_setup
                0x0000000000015b28        0x8 common/built-in.o
                0x0000000000015b28                boot_get_setup
 .text.get_effective_memsize
                0x0000000000015b30        0x8 common/built-in.o
                0x0000000000015b30                get_effective_memsize
 .text.stdio_serial_tstc
                0x0000000000015b38        0x4 common/built-in.o
 .text.stdio_serial_getc
                0x0000000000015b3c        0x4 common/built-in.o
 .text.stdio_serial_puts
                0x0000000000015b40        0x8 common/built-in.o
 .text.stdio_serial_putc
                0x0000000000015b48        0x8 common/built-in.o
 .text.stdio_get_list
                0x0000000000015b50        0xc common/built-in.o
                0x0000000000015b50                stdio_get_list
 .text.stdio_get_by_name
                0x0000000000015b5c       0x5c common/built-in.o
                0x0000000000015b5c                stdio_get_by_name
 .text.stdio_clone
                0x0000000000015bb8       0x34 common/built-in.o
                0x0000000000015bb8                stdio_clone
 .text.stdio_register_dev
                0x0000000000015bec       0x50 common/built-in.o
                0x0000000000015bec                stdio_register_dev
 .text.stdio_register
                0x0000000000015c3c        0x8 common/built-in.o
                0x0000000000015c3c                stdio_register
 .text.stdio_init_tables
                0x0000000000015c44       0x1c common/built-in.o
                0x0000000000015c44                stdio_init_tables
 .text.stdio_add_devices
                0x0000000000015c60       0x78 common/built-in.o
                0x0000000000015c60                stdio_add_devices
 .text.run_command
                0x0000000000015cd8       0x10 common/built-in.o
                0x0000000000015cd8                run_command
 .text.run_command_list
                0x0000000000015ce8       0x78 common/built-in.o
                0x0000000000015ce8                run_command_list
 .text.do_run   0x0000000000015d60       0x78 common/built-in.o
                0x0000000000015d60                do_run
 .text.cli_loop
                0x0000000000015dd8        0xc common/built-in.o
                0x0000000000015dd8                cli_loop
 .text.cli_init
                0x0000000000015de4        0x4 common/built-in.o
                0x0000000000015de4                cli_init
 .text.delete_char.part.0
                0x0000000000015de8       0xd0 common/built-in.o
 .text.cread_add_char
                0x0000000000015eb8       0xe0 common/built-in.o
 .text.cli_readline_into_buffer
                0x0000000000015f98      0x920 common/built-in.o
                0x0000000000015f98                cli_readline_into_buffer
 .text.cli_readline
                0x00000000000168b8       0x14 common/built-in.o
                0x00000000000168b8                cli_readline
 .text.find_cmd_tbl
                0x00000000000168cc       0xa4 common/built-in.o
                0x00000000000168cc                find_cmd_tbl
 .text.find_cmd
                0x0000000000016970       0x28 common/built-in.o
                0x0000000000016970                find_cmd
 .text.cmd_usage
                0x0000000000016998       0x5c common/built-in.o
                0x0000000000016998                cmd_usage
 .text._do_help
                0x00000000000169f4      0x174 common/built-in.o
                0x00000000000169f4                _do_help
 .text.cmd_get_data_size
                0x0000000000016b68       0x5c common/built-in.o
                0x0000000000016b68                cmd_get_data_size
 .text.cmd_process
                0x0000000000016bc4       0xec common/built-in.o
                0x0000000000016bc4                cmd_process
 .text.hex1_bin
                0x0000000000016cb0       0x40 common/built-in.o
 .text.hex2_bin
                0x0000000000016cf0       0x38 common/built-in.o
 .text.srec_decode
                0x0000000000016d28      0x258 common/built-in.o
                0x0000000000016d28                srec_decode
 .text.CYGACC_COMM_IF_GETC_TIMEOUT.isra.0
                0x0000000000016f80       0x5c common/built-in.o
 .text.xyzModem_flush
                0x0000000000016fdc       0x1c common/built-in.o
 .text.xyzModem_get_hdr
                0x0000000000016ff8      0x244 common/built-in.o
 .text.xyzModem_stream_open
                0x000000000001723c      0x224 common/built-in.o
                0x000000000001723c                xyzModem_stream_open
 .text.xyzModem_stream_read
                0x0000000000017460      0x254 common/built-in.o
                0x0000000000017460                xyzModem_stream_read
 .text.xyzModem_stream_close
                0x00000000000176b4       0x54 common/built-in.o
                0x00000000000176b4                xyzModem_stream_close
 .text.xyzModem_stream_terminate
                0x0000000000017708       0x98 common/built-in.o
                0x0000000000017708                xyzModem_stream_terminate
 .text.xyzModem_error
                0x00000000000177a0       0x20 common/built-in.o
                0x00000000000177a0                xyzModem_error
 .text.get_dev_hwpart
                0x00000000000177c0       0xb8 disk/built-in.o
 .text.dev_print
                0x0000000000017878      0x220 disk/built-in.o
                0x0000000000017878                dev_print
 .text.part_init
                0x0000000000017a98       0x54 disk/built-in.o
                0x0000000000017a98                part_init
 .text.part_print
                0x0000000000017aec      0x12c disk/built-in.o
                0x0000000000017aec                part_print
 .text.part_get_info
                0x0000000000017c18       0x68 disk/built-in.o
                0x0000000000017c18                part_get_info
 .text.blk_get_device_by_str
                0x0000000000017c80      0x124 disk/built-in.o
                0x0000000000017c80                blk_get_device_by_str
 .text.blk_get_device_part_str
                0x0000000000017da4      0x468 disk/built-in.o
                0x0000000000017da4                blk_get_device_part_str
 .text.test_block_type
                0x000000000001820c       0x84 disk/built-in.o
 .text.print_partition_extended
                0x0000000000018290      0x274 disk/built-in.o
 .text.part_print_dos
                0x0000000000018504       0x34 disk/built-in.o
                0x0000000000018504                part_print_dos
 .text.part_test_dos
                0x0000000000018538       0x5c disk/built-in.o
 .text.part_get_info_extended.constprop.1
                0x0000000000018594      0x2fc disk/built-in.o
 .text.part_get_info_dos
                0x0000000000018890       0x20 disk/built-in.o
                0x0000000000018890                part_get_info_dos
 .text.rtc_calc_weekday
                0x00000000000188b0       0xf8 drivers/built-in.o
                0x00000000000188b0                rtc_calc_weekday
 .text.rtc_to_tm
                0x00000000000189a8      0x114 drivers/built-in.o
                0x00000000000189a8                rtc_to_tm
 .text.rtc_get  0x0000000000018abc      0x128 drivers/built-in.o
                0x0000000000018abc                rtc_get
 .text.rtc_set  0x0000000000018be4      0x184 drivers/built-in.o
                0x0000000000018be4                rtc_set
 .text.rtc_reset
                0x0000000000018d68       0x24 drivers/built-in.o
                0x0000000000018d68                rtc_reset
 .text.idr_get_next
                0x0000000000018d8c       0x44 drivers/mtd/built-in.o
                0x0000000000018d8c                idr_get_next
 .text.__mtd_next_device
                0x0000000000018dd0       0x20 drivers/mtd/built-in.o
                0x0000000000018dd0                __mtd_next_device
 .text.del_mtd_device
                0x0000000000018df0       0x74 drivers/mtd/built-in.o
                0x0000000000018df0                del_mtd_device
 .text.__get_mtd_device
                0x0000000000018e64       0x3c drivers/mtd/built-in.o
                0x0000000000018e64                __get_mtd_device
 .text.get_mtd_device
                0x0000000000018ea0       0x8c drivers/mtd/built-in.o
                0x0000000000018ea0                get_mtd_device
 .text.get_mtd_device_nm
                0x0000000000018f2c       0x58 drivers/mtd/built-in.o
                0x0000000000018f2c                get_mtd_device_nm
 .text.__put_mtd_device
                0x0000000000018f84       0x4c drivers/mtd/built-in.o
                0x0000000000018f84                __put_mtd_device
 .text.put_mtd_device
                0x0000000000018fd0        0x4 drivers/mtd/built-in.o
                0x0000000000018fd0                put_mtd_device
 .text.mtd_erase
                0x0000000000018fd4       0x94 drivers/mtd/built-in.o
                0x0000000000018fd4                mtd_erase
 .text.mtd_read
                0x0000000000019068       0xa8 drivers/mtd/built-in.o
                0x0000000000019068                mtd_read
 .text.mtd_write
                0x0000000000019110       0xa0 drivers/mtd/built-in.o
                0x0000000000019110                mtd_write
 .text.mtd_read_oob
                0x00000000000191b0       0x64 drivers/mtd/built-in.o
                0x00000000000191b0                mtd_read_oob
 .text.mtd_unlock
                0x0000000000019214       0x7c drivers/mtd/built-in.o
                0x0000000000019214                mtd_unlock
 .text.add_mtd_device
                0x0000000000019290      0x1cc drivers/mtd/built-in.o
                0x0000000000019290                add_mtd_device
 .text.mtd_block_isbad
                0x000000000001945c       0x54 drivers/mtd/built-in.o
                0x000000000001945c                mtd_block_isbad
 .text.mtd_block_markbad
                0x00000000000194b0       0x68 drivers/mtd/built-in.o
                0x00000000000194b0                mtd_block_markbad
 .text.mtd_arg_off
                0x0000000000019518       0xfc drivers/mtd/built-in.o
                0x0000000000019518                mtd_arg_off
 .text.mtd_arg_off_size
                0x0000000000019614      0x124 drivers/mtd/built-in.o
                0x0000000000019614                mtd_arg_off_size
 .text.part_get_unmapped_area
                0x0000000000019738       0x24 drivers/mtd/built-in.o
 .text.part_read_user_prot_reg
                0x000000000001975c        0xc drivers/mtd/built-in.o
 .text.part_get_user_prot_info
                0x0000000000019768       0x18 drivers/mtd/built-in.o
 .text.part_read_fact_prot_reg
                0x0000000000019780        0xc drivers/mtd/built-in.o
 .text.part_get_fact_prot_info
                0x000000000001978c       0x18 drivers/mtd/built-in.o
 .text.part_write
                0x00000000000197a4       0x2c drivers/mtd/built-in.o
 .text.part_panic_write
                0x00000000000197d0       0x2c drivers/mtd/built-in.o
 .text.part_write_oob
                0x00000000000197fc       0x74 drivers/mtd/built-in.o
 .text.part_write_user_prot_reg
                0x0000000000019870        0xc drivers/mtd/built-in.o
 .text.part_lock_user_prot_reg
                0x000000000001987c        0xc drivers/mtd/built-in.o
 .text.part_lock
                0x0000000000019888       0x2c drivers/mtd/built-in.o
 .text.part_unlock
                0x00000000000198b4       0x2c drivers/mtd/built-in.o
 .text.part_is_locked
                0x00000000000198e0       0x2c drivers/mtd/built-in.o
 .text.part_sync
                0x000000000001990c        0xc drivers/mtd/built-in.o
 .text.part_block_isreserved
                0x0000000000019918       0x24 drivers/mtd/built-in.o
 .text.part_block_isbad
                0x000000000001993c       0x24 drivers/mtd/built-in.o
 .text.part_block_markbad
                0x0000000000019960       0x3c drivers/mtd/built-in.o
 .text.part_read
                0x000000000001999c       0x80 drivers/mtd/built-in.o
 .text.part_read_oob
                0x0000000000019a1c      0x1ac drivers/mtd/built-in.o
 .text.part_erase
                0x0000000000019bc8       0x94 drivers/mtd/built-in.o
 .text.kstrdup  0x0000000000019c5c       0x50 drivers/mtd/built-in.o
                0x0000000000019c5c                kstrdup
 .text.mtd_erase_callback
                0x0000000000019cac       0x80 drivers/mtd/built-in.o
                0x0000000000019cac                mtd_erase_callback
 .text.del_mtd_partitions
                0x0000000000019d2c       0x94 drivers/mtd/built-in.o
                0x0000000000019d2c                del_mtd_partitions
 .text.add_mtd_partitions
                0x0000000000019dc0      0x778 drivers/mtd/built-in.o
                0x0000000000019dc0                add_mtd_partitions
 .text.mtd_is_partition
                0x000000000001a538       0x3c drivers/mtd/built-in.o
                0x000000000001a538                mtd_is_partition
 .text.mtd_get_device_size
                0x000000000001a574       0x30 drivers/mtd/built-in.o
                0x000000000001a574                mtd_get_device_size
 .text.flash_make_cmd
                0x000000000001a5a4       0x5c drivers/mtd/built-in.o
 .text.flash_isequal
                0x000000000001a600       0xb4 drivers/mtd/built-in.o
 .text.flash_isset
                0x000000000001a6b4       0xbc drivers/mtd/built-in.o
 .text.find_sector
                0x000000000001a770       0x94 drivers/mtd/built-in.o
 .text.cfi_reverse_geometry
                0x000000000001a804       0xac drivers/mtd/built-in.o
 .text.flash_add_byte.isra.3
                0x000000000001a8b0       0x8c drivers/mtd/built-in.o
 .text.cfi_flash_bank_addr
                0x000000000001a93c        0x8 drivers/mtd/built-in.o
                0x000000000001a93c                cfi_flash_bank_addr
 .text.cfi_flash_bank_size
                0x000000000001a944        0x8 drivers/mtd/built-in.o
                0x000000000001a944                cfi_flash_bank_size
 .text.flash_get_info
                0x000000000001a94c       0x48 drivers/mtd/built-in.o
                0x000000000001a94c                flash_get_info
 .text.flash_write_cmd
                0x000000000001a994       0x90 drivers/mtd/built-in.o
                0x000000000001a994                flash_write_cmd
 .text.flash_unlock_seq
                0x000000000001aa24       0x30 drivers/mtd/built-in.o
 .text.flash_full_status_check
                0x000000000001aa54      0x2f8 drivers/mtd/built-in.o
 .text.flash_write_cfiword
                0x000000000001ad4c      0x230 drivers/mtd/built-in.o
 .text.cmdset_intel_read_jedec_ids
                0x000000000001af7c       0x78 drivers/mtd/built-in.o
 .text.cmdset_amd_read_jedec_ids
                0x000000000001aff4      0x108 drivers/mtd/built-in.o
 .text.flash_erase
                0x000000000001b0fc      0x1fc drivers/mtd/built-in.o
                0x000000000001b0fc                flash_erase
 .text.flash_print_info
                0x000000000001b2f8      0x238 drivers/mtd/built-in.o
                0x000000000001b2f8                flash_print_info
 .text.write_buff
                0x000000000001b530      0x2a4 drivers/mtd/built-in.o
                0x000000000001b530                write_buff
 .text.__flash_cmd_reset
                0x000000000001b7d4       0x38 drivers/mtd/built-in.o
                0x000000000001b7d4                flash_cmd_reset
 .text.flash_get_size
                0x000000000001b80c      0x818 drivers/mtd/built-in.o
                0x000000000001b80c                flash_get_size
 .text.flash_protect_default
                0x000000000001c024       0x50 drivers/mtd/built-in.o
                0x000000000001c024                flash_protect_default
 .text.flash_init
                0x000000000001c074      0x1cc drivers/mtd/built-in.o
                0x000000000001c074                flash_init
 .text.jedec_flash_match
                0x000000000001c240      0x1a0 drivers/mtd/built-in.o
                0x000000000001c240                jedec_flash_match
 .text.nand_register
                0x000000000001c3e0       0x94 drivers/mtd/nand/built-in.o
                0x000000000001c3e0                nand_register
 .text.nand_init
                0x000000000001c474       0x64 drivers/mtd/nand/built-in.o
                0x000000000001c474                nand_init
 .text.verify_bbt_descr
                0x000000000001c4d8      0x148 drivers/mtd/nand/built-in.o
 .text.create_bbt
                0x000000000001c620      0x250 drivers/mtd/nand/built-in.o
 .text.scan_read
                0x000000000001c870      0x100 drivers/mtd/nand/built-in.o
 .text.read_bbt
                0x000000000001c970      0x200 drivers/mtd/nand/built-in.o
 .text.read_abs_bbt
                0x000000000001cb70       0xd8 drivers/mtd/nand/built-in.o
 .text.write_bbt
                0x000000000001cc48      0x600 drivers/mtd/nand/built-in.o
 .text.nand_update_bbt
                0x000000000001d248      0x124 drivers/mtd/nand/built-in.o
 .text.mark_bbt_region
                0x000000000001d36c      0x188 drivers/mtd/nand/built-in.o
 .text.search_bbt
                0x000000000001d4f4      0x1b4 drivers/mtd/nand/built-in.o
 .text.nand_scan_bbt
                0x000000000001d6a8      0x4e0 drivers/mtd/nand/built-in.o
                0x000000000001d6a8                nand_scan_bbt
 .text.nand_default_bbt
                0x000000000001db88       0xd0 drivers/mtd/nand/built-in.o
                0x000000000001db88                nand_default_bbt
 .text.nand_isreserved_bbt
                0x000000000001dc58       0x48 drivers/mtd/nand/built-in.o
                0x000000000001dc58                nand_isreserved_bbt
 .text.nand_isbad_bbt
                0x000000000001dca0       0x5c drivers/mtd/nand/built-in.o
                0x000000000001dca0                nand_isbad_bbt
 .text.nand_markbad_bbt
                0x000000000001dcfc       0x60 drivers/mtd/nand/built-in.o
                0x000000000001dcfc                nand_markbad_bbt
 .text.check_skip_len
                0x000000000001dd5c       0xb4 drivers/mtd/nand/built-in.o
 .text.nand_erase_opts
                0x000000000001de10      0x3e0 drivers/mtd/nand/built-in.o
                0x000000000001de10                nand_erase_opts
 .text.nand_verify_page_oob
                0x000000000001e1f0       0xc0 drivers/mtd/nand/built-in.o
                0x000000000001e1f0                nand_verify_page_oob
 .text.nand_verify
                0x000000000001e2b0      0x104 drivers/mtd/nand/built-in.o
                0x000000000001e2b0                nand_verify
 .text.nand_write_skip_bad
                0x000000000001e3b4      0x2fc drivers/mtd/nand/built-in.o
                0x000000000001e3b4                nand_write_skip_bad
 .text.nand_read_skip_bad
                0x000000000001e6b0      0x270 drivers/mtd/nand/built-in.o
                0x000000000001e6b0                nand_read_skip_bad
 .text.nand_calculate_ecc
                0x000000000001e920       0xf0 drivers/mtd/nand/built-in.o
                0x000000000001e920                nand_calculate_ecc
 .text.nand_correct_data
                0x000000000001ea10      0x124 drivers/mtd/nand/built-in.o
                0x000000000001ea10                nand_correct_data
 .text.nand_release_device
                0x000000000001eb34       0x10 drivers/mtd/nand/built-in.o
 .text.nand_read_byte
                0x000000000001eb44       0x14 drivers/mtd/nand/built-in.o
                0x000000000001eb44                nand_read_byte
 .text.nand_read_byte16
                0x000000000001eb58       0x14 drivers/mtd/nand/built-in.o
 .text.nand_read_word
                0x000000000001eb6c       0x10 drivers/mtd/nand/built-in.o
 .text.nand_write_byte
                0x000000000001eb7c       0x28 drivers/mtd/nand/built-in.o
 .text.nand_write_byte16
                0x000000000001eba4       0x28 drivers/mtd/nand/built-in.o
 .text.nand_write_buf
                0x000000000001ebcc       0x28 drivers/mtd/nand/built-in.o
                0x000000000001ebcc                nand_write_buf
 .text.nand_read_buf
                0x000000000001ebf4       0x2c drivers/mtd/nand/built-in.o
                0x000000000001ebf4                nand_read_buf
 .text.nand_write_buf16
                0x000000000001ec20       0x30 drivers/mtd/nand/built-in.o
                0x000000000001ec20                nand_write_buf16
 .text.nand_read_buf16
                0x000000000001ec50       0x30 drivers/mtd/nand/built-in.o
                0x000000000001ec50                nand_read_buf16
 .text.nand_check_wp
                0x000000000001ec80       0x50 drivers/mtd/nand/built-in.o
 .text.nand_read_page_raw_syndrome
                0x000000000001ecd0       0xd0 drivers/mtd/nand/built-in.o
 .text.nand_read_page_swecc
                0x000000000001eda0      0x138 drivers/mtd/nand/built-in.o
 .text.nand_read_subpage
                0x000000000001eed8      0x270 drivers/mtd/nand/built-in.o
 .text.nand_read_page_hwecc
                0x000000000001f148      0x158 drivers/mtd/nand/built-in.o
 .text.nand_read_page_hwecc_oob_first
                0x000000000001f2a0      0x148 drivers/mtd/nand/built-in.o
 .text.nand_read_page_syndrome
                0x000000000001f3e8      0x140 drivers/mtd/nand/built-in.o
 .text.nand_setup_read_retry
                0x000000000001f528       0x30 drivers/mtd/nand/built-in.o
 .text.nand_read_oob_std
                0x000000000001f558       0x3c drivers/mtd/nand/built-in.o
 .text.nand_read_oob_syndrome
                0x000000000001f594      0x104 drivers/mtd/nand/built-in.o
 .text.nand_write_oob_std
                0x000000000001f698       0x70 drivers/mtd/nand/built-in.o
 .text.nand_write_oob_syndrome
                0x000000000001f708      0x194 drivers/mtd/nand/built-in.o
 .text.nand_write_page_raw_syndrome
                0x000000000001f89c       0xd0 drivers/mtd/nand/built-in.o
 .text.nand_write_page_swecc
                0x000000000001f96c       0xbc drivers/mtd/nand/built-in.o
 .text.nand_write_page_hwecc
                0x000000000001fa28       0xd0 drivers/mtd/nand/built-in.o
 .text.nand_write_page_syndrome
                0x000000000001faf8       0xf0 drivers/mtd/nand/built-in.o
 .text.single_erase
                0x000000000001fbe8       0x4c drivers/mtd/nand/built-in.o
 .text.nand_sync
                0x000000000001fc34       0x10 drivers/mtd/nand/built-in.o
 .text.nand_onfi_set_features
                0x000000000001fc44       0x5c drivers/mtd/nand/built-in.o
 .text.nand_set_defaults
                0x000000000001fca0      0x18c drivers/mtd/nand/built-in.o
 .text.nand_block_checkbad
                0x000000000001fe2c       0x80 drivers/mtd/nand/built-in.o
 .text.nand_block_isbad
                0x000000000001feac       0x1c drivers/mtd/nand/built-in.o
 .text.nand_onfi_get_features
                0x000000000001fec8       0x60 drivers/mtd/nand/built-in.o
 .text.nand_write_subpage_hwecc
                0x000000000001ff28      0x188 drivers/mtd/nand/built-in.o
 .text.nand_block_bad
                0x00000000000200b0      0x1c8 drivers/mtd/nand/built-in.o
 .text.nand_write_page
                0x0000000000020278      0x148 drivers/mtd/nand/built-in.o
 .text.nand_fill_oob
                0x00000000000203c0      0x11c drivers/mtd/nand/built-in.o
 .text.nand_do_write_oob
                0x00000000000204dc      0x1b4 drivers/mtd/nand/built-in.o
 .text.nand_default_block_markbad
                0x0000000000020690       0xe4 drivers/mtd/nand/built-in.o
 .text.nand_do_write_ops
                0x0000000000020774      0x374 drivers/mtd/nand/built-in.o
 .text.nand_write_oob
                0x0000000000020ae8       0xa8 drivers/mtd/nand/built-in.o
 .text.nand_write
                0x0000000000020b90       0x84 drivers/mtd/nand/built-in.o
 .text.nand_wait
                0x0000000000020c14       0xdc drivers/mtd/nand/built-in.o
 .text.unlikely.sanitize_string
                0x0000000000020cf0       0x38 drivers/mtd/nand/built-in.o
 .text.nand_block_isreserved
                0x0000000000020d28       0x18 drivers/mtd/nand/built-in.o
 .text.nand_read_page_raw
                0x0000000000020d40       0x40 drivers/mtd/nand/built-in.o
 .text.nand_write_page_raw
                0x0000000000020d80       0x40 drivers/mtd/nand/built-in.o
 .text.nand_select_chip
                0x0000000000020dc0       0x50 drivers/mtd/nand/built-in.o
 .text.nand_transfer_oob
                0x0000000000020e10      0x108 drivers/mtd/nand/built-in.o
 .text.panic_nand_write
                0x0000000000020f18       0xc8 drivers/mtd/nand/built-in.o
 .text.nand_wait_status_ready.constprop.14
                0x0000000000020fe0       0x44 drivers/mtd/nand/built-in.o
 .text.nand_wait_ready
                0x0000000000021024       0x50 drivers/mtd/nand/built-in.o
                0x0000000000021024                nand_wait_ready
 .text.nand_command
                0x0000000000021074      0x1d8 drivers/mtd/nand/built-in.o
 .text.nand_command_lp
                0x000000000002124c      0x244 drivers/mtd/nand/built-in.o
 .text.nand_do_read_ops
                0x0000000000021490      0x488 drivers/mtd/nand/built-in.o
 .text.nand_read_oob
                0x0000000000021918      0x2e4 drivers/mtd/nand/built-in.o
 .text.nand_read
                0x0000000000021bfc       0x84 drivers/mtd/nand/built-in.o
 .text.nand_erase_nand
                0x0000000000021c80      0x298 drivers/mtd/nand/built-in.o
                0x0000000000021c80                nand_erase_nand
 .text.nand_block_markbad
                0x0000000000021f18       0xec drivers/mtd/nand/built-in.o
 .text.nand_erase
                0x0000000000022004        0x8 drivers/mtd/nand/built-in.o
 .text.nand_scan_ident
                0x000000000002200c      0xc70 drivers/mtd/nand/built-in.o
                0x000000000002200c                nand_scan_ident
 .text.nand_scan_tail
                0x0000000000022c7c      0x61c drivers/mtd/nand/built-in.o
                0x0000000000022c7c                nand_scan_tail
 .text.nand_scan
                0x0000000000023298       0x24 drivers/mtd/nand/built-in.o
                0x0000000000023298                nand_scan
 .text.s3c24x0_hwcontrol
                0x00000000000232bc       0x58 drivers/mtd/nand/built-in.o
 .text.s3c24x0_dev_ready
                0x0000000000023314       0x10 drivers/mtd/nand/built-in.o
 .text.board_nand_init
                0x0000000000023324       0x5c drivers/mtd/nand/built-in.o
                0x0000000000023324                board_nand_init
 .text.add_to_list
                0x0000000000023380       0xd0 drivers/mtd/ubi/built-in.o
 .text.destroy_ai
                0x0000000000023450      0x214 drivers/mtd/ubi/built-in.o
 .text.validate_vid_hdr.isra.2
                0x0000000000023664      0x364 drivers/mtd/ubi/built-in.o
 .text.ubi_compare_lebs
                0x00000000000239c8      0x2bc drivers/mtd/ubi/built-in.o
                0x00000000000239c8                ubi_compare_lebs
 .text.ubi_add_to_av
                0x0000000000023c84      0x530 drivers/mtd/ubi/built-in.o
                0x0000000000023c84                ubi_add_to_av
 .text.ubi_find_av
                0x00000000000241b4       0x34 drivers/mtd/ubi/built-in.o
                0x00000000000241b4                ubi_find_av
 .text.ubi_remove_av
                0x00000000000241e8       0x68 drivers/mtd/ubi/built-in.o
                0x00000000000241e8                ubi_remove_av
 .text.ubi_early_get_peb
                0x0000000000024250      0x1a8 drivers/mtd/ubi/built-in.o
                0x0000000000024250                ubi_early_get_peb
 .text.ubi_attach
                0x00000000000243f8      0xfdc drivers/mtd/ubi/built-in.o
                0x00000000000243f8                ubi_attach
 .text.kill_volumes
                0x00000000000253d4       0x38 drivers/mtd/ubi/built-in.o
 .text.ubi_volume_notify
                0x000000000002540c       0x34 drivers/mtd/ubi/built-in.o
                0x000000000002540c                ubi_volume_notify
 .text.ubi_notify_all
                0x0000000000025440       0x60 drivers/mtd/ubi/built-in.o
                0x0000000000025440                ubi_notify_all
 .text.ubi_get_device
                0x00000000000254a0       0x20 drivers/mtd/ubi/built-in.o
                0x00000000000254a0                ubi_get_device
 .text.ubi_put_device
                0x00000000000254c0       0x10 drivers/mtd/ubi/built-in.o
                0x00000000000254c0                ubi_put_device
 .text.ubi_free_internal_volumes
                0x00000000000254d0       0x44 drivers/mtd/ubi/built-in.o
                0x00000000000254d0                ubi_free_internal_volumes
 .text.ubi_attach_mtd_dev
                0x0000000000025514      0x740 drivers/mtd/ubi/built-in.o
                0x0000000000025514                ubi_attach_mtd_dev
 .text.ubi_detach_mtd_dev
                0x0000000000025c54       0xe8 drivers/mtd/ubi/built-in.o
                0x0000000000025c54                ubi_detach_mtd_dev
 .text.ubi_init
                0x0000000000025d3c      0x144 drivers/mtd/ubi/built-in.o
                0x0000000000025d3c                ubi_init
 .text.ubi_exit
                0x0000000000025e80       0x58 drivers/mtd/ubi/built-in.o
                0x0000000000025e80                ubi_exit
 .text.kstrtoint
                0x0000000000025ed8       0x24 drivers/mtd/ubi/built-in.o
                0x0000000000025ed8                kstrtoint
 .text.ubi_mtd_param_parse
                0x0000000000025efc      0x1dc drivers/mtd/ubi/built-in.o
                0x0000000000025efc                ubi_mtd_param_parse
 .text.ubi_update_layout_vol
                0x00000000000260d8       0x50 drivers/mtd/ubi/built-in.o
 .text.vtbl_check
                0x0000000000026128      0x320 drivers/mtd/ubi/built-in.o
 .text.create_vtbl
                0x0000000000026448      0x254 drivers/mtd/ubi/built-in.o
 .text.ubi_change_vtbl_record
                0x000000000002669c       0xd8 drivers/mtd/ubi/built-in.o
                0x000000000002669c                ubi_change_vtbl_record
 .text.ubi_read_volume_table
                0x0000000000026774      0x750 drivers/mtd/ubi/built-in.o
                0x0000000000026774                ubi_read_volume_table
 .text.vol_release
                0x0000000000026ec4       0x1c drivers/mtd/ubi/built-in.o
 .text.self_check_volumes
                0x0000000000026ee0      0x374 drivers/mtd/ubi/built-in.o
 .text.ubi_create_volume
                0x0000000000027254      0x4b0 drivers/mtd/ubi/built-in.o
                0x0000000000027254                ubi_create_volume
 .text.ubi_resize_volume
                0x0000000000027704      0x248 drivers/mtd/ubi/built-in.o
                0x0000000000027704                ubi_resize_volume
 .text.ubi_add_volume
                0x000000000002794c       0x30 drivers/mtd/ubi/built-in.o
                0x000000000002794c                ubi_add_volume
 .text.ubi_free_volume
                0x000000000002797c       0x18 drivers/mtd/ubi/built-in.o
                0x000000000002797c                ubi_free_volume
 .text.clear_update_marker
                0x0000000000027994       0xe8 drivers/mtd/ubi/built-in.o
 .text.write_leb
                0x0000000000027a7c       0xb8 drivers/mtd/ubi/built-in.o
 .text.ubi_start_update
                0x0000000000027b34      0x190 drivers/mtd/ubi/built-in.o
                0x0000000000027b34                ubi_start_update
 .text.ubi_more_update_data
                0x0000000000027cc4      0x2b4 drivers/mtd/ubi/built-in.o
                0x0000000000027cc4                ubi_more_update_data
 .text.ubi_do_get_device_info
                0x0000000000027f78       0x34 drivers/mtd/ubi/built-in.o
                0x0000000000027f78                ubi_do_get_device_info
 .text.ubi_get_device_info
                0x0000000000027fac       0x44 drivers/mtd/ubi/built-in.o
                0x0000000000027fac                ubi_get_device_info
 .text.ubi_do_get_volume_info
                0x0000000000027ff0       0x80 drivers/mtd/ubi/built-in.o
                0x0000000000027ff0                ubi_do_get_volume_info
 .text.ubi_get_volume_info
                0x0000000000028070       0x14 drivers/mtd/ubi/built-in.o
                0x0000000000028070                ubi_get_volume_info
 .text.ubi_close_volume
                0x0000000000028084       0x80 drivers/mtd/ubi/built-in.o
                0x0000000000028084                ubi_close_volume
 .text.ubi_open_volume
                0x0000000000028104      0x1c0 drivers/mtd/ubi/built-in.o
                0x0000000000028104                ubi_open_volume
 .text.ubi_open_volume_nm
                0x00000000000282c4       0xe0 drivers/mtd/ubi/built-in.o
                0x00000000000282c4                ubi_open_volume_nm
 .text.ubi_leb_read
                0x00000000000283a4       0xf8 drivers/mtd/ubi/built-in.o
                0x00000000000283a4                ubi_leb_read
 .text.ubi_leb_unmap
                0x000000000002849c       0x68 drivers/mtd/ubi/built-in.o
                0x000000000002849c                ubi_leb_unmap
 .text.ubi_is_mapped
                0x0000000000028504       0x48 drivers/mtd/ubi/built-in.o
                0x0000000000028504                ubi_is_mapped
 .text.ltree_lookup.isra.1
                0x000000000002854c       0x3c drivers/mtd/ubi/built-in.o
 .text.leb_write_trylock
                0x0000000000028588       0xe0 drivers/mtd/ubi/built-in.o
 .text.leb_write_unlock
                0x0000000000028668       0x3c drivers/mtd/ubi/built-in.o
 .text.is_error_sane
                0x00000000000286a4       0x30 drivers/mtd/ubi/built-in.o
 .text.ubi_eba_unmap_leb
                0x00000000000286d4       0x80 drivers/mtd/ubi/built-in.o
                0x00000000000286d4                ubi_eba_unmap_leb
 .text.ubi_eba_read_leb
                0x0000000000028754      0x23c drivers/mtd/ubi/built-in.o
                0x0000000000028754                ubi_eba_read_leb
 .text.ubi_eba_write_leb
                0x0000000000028990      0x720 drivers/mtd/ubi/built-in.o
                0x0000000000028990                ubi_eba_write_leb
 .text.ubi_eba_write_leb_st
                0x00000000000290b0      0x4a4 drivers/mtd/ubi/built-in.o
                0x00000000000290b0                ubi_eba_write_leb_st
 .text.ubi_eba_atomic_leb_change
                0x0000000000029554      0x428 drivers/mtd/ubi/built-in.o
                0x0000000000029554                ubi_eba_atomic_leb_change
 .text.ubi_eba_copy_leb
                0x000000000002997c      0x428 drivers/mtd/ubi/built-in.o
                0x000000000002997c                ubi_eba_copy_leb
 .text.ubi_eba_init
                0x0000000000029da4      0x200 drivers/mtd/ubi/built-in.o
                0x0000000000029da4                ubi_eba_init
 .text.erase_callback
                0x0000000000029fa4        0x4 drivers/mtd/ubi/built-in.o
 .text.validate_ec_hdr
                0x0000000000029fa8      0x130 drivers/mtd/ubi/built-in.o
 .text.self_check_ec_hdr.isra.0.part.1
                0x000000000002a0d8       0x6c drivers/mtd/ubi/built-in.o
 .text.self_check_vid_hdr.isra.3.part.4
                0x000000000002a144       0x70 drivers/mtd/ubi/built-in.o
 .text.ubi_io_is_bad
                0x000000000002a1b4       0x34 drivers/mtd/ubi/built-in.o
                0x000000000002a1b4                ubi_io_is_bad
 .text.self_check_not_bad.part.5
                0x000000000002a1e8       0x18 drivers/mtd/ubi/built-in.o
 .text.ubi_io_read
                0x000000000002a200       0xe8 drivers/mtd/ubi/built-in.o
                0x000000000002a200                ubi_io_read
 .text.self_check_peb_ec_hdr.part.7
                0x000000000002a2e8       0xf4 drivers/mtd/ubi/built-in.o
 .text.ubi_io_mark_bad
                0x000000000002a3dc       0x44 drivers/mtd/ubi/built-in.o
                0x000000000002a3dc                ubi_io_mark_bad
 .text.ubi_io_read_ec_hdr
                0x000000000002a420      0x174 drivers/mtd/ubi/built-in.o
                0x000000000002a420                ubi_io_read_ec_hdr
 .text.ubi_io_read_vid_hdr
                0x000000000002a594      0x178 drivers/mtd/ubi/built-in.o
                0x000000000002a594                ubi_io_read_vid_hdr
 .text.ubi_self_check_all_ff
                0x000000000002a70c       0xd4 drivers/mtd/ubi/built-in.o
                0x000000000002a70c                ubi_self_check_all_ff
 .text.ubi_io_write
                0x000000000002a7e0      0x350 drivers/mtd/ubi/built-in.o
                0x000000000002a7e0                ubi_io_write
 .text.ubi_io_write_ec_hdr
                0x000000000002ab30      0x184 drivers/mtd/ubi/built-in.o
                0x000000000002ab30                ubi_io_write_ec_hdr
 .text.ubi_io_write_vid_hdr
                0x000000000002acb4      0x100 drivers/mtd/ubi/built-in.o
                0x000000000002acb4                ubi_io_write_vid_hdr
 .text.do_sync_erase